Deleted /f1/output/driver
packageJobJar: [/tmp/hadoop-unjar8736901235071267325/] [] /tmp/streamjob4608257228705682807.jar tmpDir=null
2026-10-05 20:12:11,945 INFO client.DefaultNoHARMFailoverProxyProvider: Connecting to ResourceManager at master/172.18.0.2:8032
2026-10-05 20:12:12,109 INFO client.DefaultNoHARMFailoverProxyProvider: Connecting to ResourceManager at master/172.18.0.2:8032
2026-10-05 20:12:12,381 INFO mapreduce.JobResourceUploader: Disabling Erasure Coding for path: /tmp/hadoop-yarn/staging/root/.staging/job_1791217463129_0028
2026-10-05 20:12:12,861 INFO mapred.FileInputFormat: Total input files to process : 22
2026-10-05 20:12:12,906 INFO mapreduce.JobSubmitter: number of splits:22
2026-10-05 20:12:13,025 INFO mapreduce.JobSubmitter: Submitting tokens for job: job_1791217463129_0028
2026-10-05 20:12:13,025 INFO mapreduce.JobSubmitter: Executing with tokens: []
2026-10-05 20:12:13,132 INFO conf.Configuration: resource-types.xml not found
2026-10-05 20:12:13,132 INFO resource.ResourceUtils: Unable to find 'resource-types.xml'.
2026-10-05 20:12:13,163 INFO impl.YarnClientImpl: Submitted application application_1791217463129_0028
2026-10-05 20:12:13,182 INFO mapreduce.Job: The url to track the job: http://master:8088/proxy/application_1791217463129_0028/
2026-10-05 20:12:13,183 INFO mapreduce.Job: Running job: job_1791217463129_0028
2026-10-05 20:12:43,348 INFO mapreduce.Job: Job job_1791217463129_0028 running in uber mode : false
2026-10-05 20:12:43,349 INFO mapreduce.Job:  map 0% reduce 0%
2026-10-05 20:12:47,409 INFO mapreduce.Job:  map 14% reduce 0%
2026-10-05 20:12:51,442 INFO mapreduce.Job:  map 27% reduce 0%
2026-10-05 20:12:55,468 INFO mapreduce.Job:  map 41% reduce 0%
2026-10-05 20:12:58,497 INFO mapreduce.Job:  map 55% reduce 0%
2026-10-05 20:13:02,522 INFO mapreduce.Job:  map 68% reduce 0%
2026-10-05 20:13:06,550 INFO mapreduce.Job:  map 82% reduce 0%
2026-10-05 20:13:09,569 INFO mapreduce.Job:  map 95% reduce 0%
2026-10-05 20:13:11,577 INFO mapreduce.Job:  map 100% reduce 0%
2026-10-05 20:13:13,585 INFO mapreduce.Job:  map 100% reduce 50%
2026-10-05 20:13:16,601 INFO mapreduce.Job:  map 100% reduce 100%
2026-10-05 20:13:16,608 INFO mapreduce.Job: Job job_1791217463129_0028 completed successfully
2026-10-05 20:13:16,680 INFO mapreduce.Job: Counters: 57
	File System Counters
		FILE: Number of bytes read=31783
		FILE: Number of bytes written=6796632
		FILE: Number of read operations=0
		FILE: Number of large read operations=0
		FILE: Number of write operations=0
		HDFS: Number of bytes read=617818
		HDFS: Number of bytes written=962
		HDFS: Number of read operations=76
		HDFS: Number of large read operations=0
		HDFS: Number of write operations=6
		HDFS: Number of bytes read erasure-coded=0
	Job Counters 
		Launched map tasks=22
		Launched reduce tasks=2
		Data-local map tasks=22
		Total time spent by all maps in occupied slots (ms)=112946
		Total time spent by all reduces in occupied slots (ms)=13400
		Total time spent by all map tasks (ms)=56473
		Total time spent by all reduce tasks (ms)=3350
		Total vcore-milliseconds taken by all map tasks=56473
		Total vcore-milliseconds taken by all reduce tasks=3350
		Total megabyte-milliseconds taken by all map tasks=28914176
		Total megabyte-milliseconds taken by all reduce tasks=3430400
	Map-Reduce Framework
		Map input records=12931
		Map output records=12056
		Map output bytes=744335
		Map output materialized bytes=32035
		Input split bytes=2714
		Combine input records=12056
		Combine output records=440
		Reduce input groups=20
		Reduce shuffle bytes=32035
		Reduce input records=440
		Reduce output records=20
		Spilled Records=880
		Shuffled Maps =44
		Failed Shuffles=0
		Merged Map outputs=44
		GC time elapsed (ms)=564
		CPU time spent (ms)=19540
		Physical memory (bytes) snapshot=6660489216
		Virtual memory (bytes) snapshot=55973261312
		Total committed heap usage (bytes)=5450498048
		Peak Map Physical memory (bytes)=292663296
		Peak Map Virtual memory (bytes)=2301349888
		Peak Reduce Physical memory (bytes)=222425088
		Peak Reduce Virtual memory (bytes)=2745962496
	F1Driver
		invalid_laptime=337
		laps_emitted=12056
		outlier_laptime=516
	Shuffle Errors
		BAD_ID=0
		CONNECTION=0
		IO_ERROR=0
		WRONG_LENGTH=0
		WRONG_MAP=0
		WRONG_REDUCE=0
	File Input Format Counters 
		Bytes Read=615104
	File Output Format Counters 
		Bytes Written=962
2026-10-05 20:13:16,681 INFO streaming.StreamJob: Output directory: /f1/output/driver
