nohup: ignoring input
Uploading SessionData_10230136787177318441.csv -> /f1/raw/session
Uploading SessionData_1087987310493855854.csv -> /f1/raw/session
Uploading SessionData_11752605864096667831.csv -> /f1/raw/session
Uploading SessionData_12837930614967511104.csv -> /f1/raw/session
Uploading SessionData_14577742557187250604.csv -> /f1/raw/session
Uploading SessionData_15052023430595064811.csv -> /f1/raw/session
Uploading SessionData_15313198597432510041.csv -> /f1/raw/session
Uploading SessionData_15525718781239906836.csv -> /f1/raw/session
Uploading SessionData_16345687902545417755.csv -> /f1/raw/session
Uploading SessionData_17192138584092610649.csv -> /f1/raw/session
Uploading SessionData_17729863945523124675.csv -> /f1/raw/session
Uploading SessionData_2048465535648368309.csv -> /f1/raw/session
Uploading SessionData_2909858075704986992.csv -> /f1/raw/session
Uploading SessionData_3335673977098133433.csv -> /f1/raw/session
Uploading SessionData_367597643936668713.csv -> /f1/raw/session
Uploading SessionData_4048657932346004126.csv -> /f1/raw/session
Uploading SessionData_4387289034743635457.csv -> /f1/raw/session
Uploading SessionData_470723873226893378.csv -> /f1/raw/session
Uploading SessionData_4873310982705891749.csv -> /f1/raw/session
Uploading SessionData_7308984749534057828.csv -> /f1/raw/session
Uploading SessionData_8377650301140219417.csv -> /f1/raw/session
Uploading SessionData_8690837730174169160.csv -> /f1/raw/session
Uploading RaceTimeData_10230136787177318441.csv -> /f1/raw/racetime
Uploading RaceTimeData_1087987310493855854.csv -> /f1/raw/racetime
Uploading RaceTimeData_11752605864096667831.csv -> /f1/raw/racetime
Uploading RaceTimeData_12837930614967511104.csv -> /f1/raw/racetime
Uploading RaceTimeData_14577742557187250604.csv -> /f1/raw/racetime
Uploading RaceTimeData_15052023430595064811.csv -> /f1/raw/racetime
Uploading RaceTimeData_15313198597432510041.csv -> /f1/raw/racetime
Uploading RaceTimeData_15525718781239906836.csv -> /f1/raw/racetime
Uploading RaceTimeData_16345687902545417755.csv -> /f1/raw/racetime
Uploading RaceTimeData_17192138584092610649.csv -> /f1/raw/racetime
Uploading RaceTimeData_17729863945523124675.csv -> /f1/raw/racetime
Uploading RaceTimeData_2048465535648368309.csv -> /f1/raw/racetime
Uploading RaceTimeData_2909858075704986992.csv -> /f1/raw/racetime
Uploading RaceTimeData_3335673977098133433.csv -> /f1/raw/racetime
Uploading RaceTimeData_367597643936668713.csv -> /f1/raw/racetime
Uploading RaceTimeData_4048657932346004126.csv -> /f1/raw/racetime
Uploading RaceTimeData_4387289034743635457.csv -> /f1/raw/racetime
Uploading RaceTimeData_470723873226893378.csv -> /f1/raw/racetime
Uploading RaceTimeData_4873310982705891749.csv -> /f1/raw/racetime
Uploading RaceTimeData_7308984749534057828.csv -> /f1/raw/racetime
Uploading RaceTimeData_8377650301140219417.csv -> /f1/raw/racetime
Uploading RaceTimeData_8690837730174169160.csv -> /f1/raw/racetime
Uploading TelemetryData_10230136787177318441.csv -> /f1/raw/telemetry
Uploading TelemetryData_1087987310493855854.csv -> /f1/raw/telemetry
Uploading TelemetryData_11752605864096667831.csv -> /f1/raw/telemetry
Uploading TelemetryData_12837930614967511104.csv -> /f1/raw/telemetry
Uploading TelemetryData_14577742557187250604.csv -> /f1/raw/telemetry
Uploading TelemetryData_15052023430595064811.csv -> /f1/raw/telemetry
Uploading TelemetryData_15313198597432510041.csv -> /f1/raw/telemetry
Uploading TelemetryData_15525718781239906836.csv -> /f1/raw/telemetry
Uploading TelemetryData_16345687902545417755.csv -> /f1/raw/telemetry
Uploading TelemetryData_17192138584092610649.csv -> /f1/raw/telemetry
Uploading TelemetryData_17729863945523124675.csv -> /f1/raw/telemetry
Uploading TelemetryData_2048465535648368309.csv -> /f1/raw/telemetry
Uploading TelemetryData_2909858075704986992.csv -> /f1/raw/telemetry
Uploading TelemetryData_3335673977098133433.csv -> /f1/raw/telemetry
Uploading TelemetryData_367597643936668713.csv -> /f1/raw/telemetry
Uploading TelemetryData_4048657932346004126.csv -> /f1/raw/telemetry
Uploading TelemetryData_4387289034743635457.csv -> /f1/raw/telemetry
Uploading TelemetryData_470723873226893378.csv -> /f1/raw/telemetry
Uploading TelemetryData_4873310982705891749.csv -> /f1/raw/telemetry
Uploading TelemetryData_7308984749534057828.csv -> /f1/raw/telemetry
Uploading TelemetryData_8377650301140219417.csv -> /f1/raw/telemetry
Uploading TelemetryData_8690837730174169160.csv -> /f1/raw/telemetry
Uploading ParticipantData_10230136787177318441.csv -> /f1/raw/participant
Uploading ParticipantData_1087987310493855854.csv -> /f1/raw/participant
Uploading ParticipantData_11752605864096667831.csv -> /f1/raw/participant
Uploading ParticipantData_12837930614967511104.csv -> /f1/raw/participant
Uploading ParticipantData_14577742557187250604.csv -> /f1/raw/participant
Uploading ParticipantData_15052023430595064811.csv -> /f1/raw/participant
Uploading ParticipantData_15313198597432510041.csv -> /f1/raw/participant
Uploading ParticipantData_15525718781239906836.csv -> /f1/raw/participant
Uploading ParticipantData_16345687902545417755.csv -> /f1/raw/participant
Uploading ParticipantData_17192138584092610649.csv -> /f1/raw/participant
Uploading ParticipantData_17729863945523124675.csv -> /f1/raw/participant
Uploading ParticipantData_2048465535648368309.csv -> /f1/raw/participant
Uploading ParticipantData_2909858075704986992.csv -> /f1/raw/participant
Uploading ParticipantData_3335673977098133433.csv -> /f1/raw/participant
Uploading ParticipantData_367597643936668713.csv -> /f1/raw/participant
Uploading ParticipantData_4048657932346004126.csv -> /f1/raw/participant
Uploading ParticipantData_4387289034743635457.csv -> /f1/raw/participant
Uploading ParticipantData_470723873226893378.csv -> /f1/raw/participant
Uploading ParticipantData_4873310982705891749.csv -> /f1/raw/participant
Uploading ParticipantData_7308984749534057828.csv -> /f1/raw/participant
Uploading ParticipantData_8377650301140219417.csv -> /f1/raw/participant
Uploading ParticipantData_8690837730174169160.csv -> /f1/raw/participant
=== HDFS usage ===
19.0 K   38.0 K  /f1/raw/participant
600.7 K  1.2 M   /f1/raw/racetime
2.1 K    4.1 K   /f1/raw/session
11.5 G   22.9 G  /f1/raw/telemetry
