Deleted /f1/output/lap_trend
packageJobJar: [/tmp/hadoop-unjar2317361413051964522/] [] /tmp/streamjob12163290348768058255.jar tmpDir=null
2026-10-05 20:04:26,625 INFO client.DefaultNoHARMFailoverProxyProvider: Connecting to ResourceManager at master/172.18.0.2:8032
2026-10-05 20:04:26,725 INFO client.DefaultNoHARMFailoverProxyProvider: Connecting to ResourceManager at master/172.18.0.2:8032
2026-10-05 20:04:26,864 INFO mapreduce.JobResourceUploader: Disabling Erasure Coding for path: /tmp/hadoop-yarn/staging/root/.staging/job_1791217463129_0023
2026-10-05 20:04:27,239 INFO mapred.FileInputFormat: Total input files to process : 22
2026-10-05 20:04:27,281 INFO mapreduce.JobSubmitter: number of splits:22
2026-10-05 20:04:27,402 INFO mapreduce.JobSubmitter: Submitting tokens for job: job_1791217463129_0023
2026-10-05 20:04:27,403 INFO mapreduce.JobSubmitter: Executing with tokens: []
2026-10-05 20:04:27,511 INFO conf.Configuration: resource-types.xml not found
2026-10-05 20:04:27,511 INFO resource.ResourceUtils: Unable to find 'resource-types.xml'.
2026-10-05 20:04:27,544 INFO impl.YarnClientImpl: Submitted application application_1791217463129_0023
2026-10-05 20:04:27,563 INFO mapreduce.Job: The url to track the job: http://master:8088/proxy/application_1791217463129_0023/
2026-10-05 20:04:27,564 INFO mapreduce.Job: Running job: job_1791217463129_0023
2026-10-05 20:04:32,616 INFO mapreduce.Job: Job job_1791217463129_0023 running in uber mode : false
2026-10-05 20:04:32,617 INFO mapreduce.Job:  map 0% reduce 0%
2026-10-05 20:04:37,674 INFO mapreduce.Job:  map 14% reduce 0%
2026-10-05 20:04:41,703 INFO mapreduce.Job:  map 27% reduce 0%
2026-10-05 20:04:44,730 INFO mapreduce.Job:  map 41% reduce 0%
2026-10-05 20:04:47,745 INFO mapreduce.Job:  map 55% reduce 0%
2026-10-05 20:04:51,780 INFO mapreduce.Job:  map 68% reduce 0%
2026-10-05 20:04:54,796 INFO mapreduce.Job:  map 82% reduce 0%
2026-10-05 20:04:58,825 INFO mapreduce.Job:  map 95% reduce 0%
2026-10-05 20:05:00,833 INFO mapreduce.Job:  map 100% reduce 0%
2026-10-05 20:05:02,841 INFO mapreduce.Job:  map 100% reduce 50%
2026-10-05 20:05:06,859 INFO mapreduce.Job:  map 100% reduce 100%
2026-10-05 20:05:06,867 INFO mapreduce.Job: Job job_1791217463129_0023 completed successfully
2026-10-05 20:05:06,921 INFO mapreduce.Job: Counters: 55
	File System Counters
		FILE: Number of bytes read=34207
		FILE: Number of bytes written=6808680
		FILE: Number of read operations=0
		FILE: Number of large read operations=0
		FILE: Number of write operations=0
		HDFS: Number of bytes read=617818
		HDFS: Number of bytes written=25082
		HDFS: Number of read operations=76
		HDFS: Number of large read operations=0
		HDFS: Number of write operations=4
		HDFS: Number of bytes read erasure-coded=0
	Job Counters 
		Launched map tasks=22
		Launched reduce tasks=2
		Data-local map tasks=22
		Total time spent by all maps in occupied slots (ms)=114208
		Total time spent by all reduces in occupied slots (ms)=13556
		Total time spent by all map tasks (ms)=57104
		Total time spent by all reduce tasks (ms)=3389
		Total vcore-milliseconds taken by all map tasks=57104
		Total vcore-milliseconds taken by all reduce tasks=3389
		Total megabyte-milliseconds taken by all map tasks=29237248
		Total megabyte-milliseconds taken by all reduce tasks=3470336
	Map-Reduce Framework
		Map input records=12931
		Map output records=12608
		Map output bytes=531388
		Map output materialized bytes=34459
		Input split bytes=2714
		Combine input records=12608
		Combine output records=669
		Reduce input groups=669
		Reduce shuffle bytes=34459
		Reduce input records=669
		Reduce output records=669
		Spilled Records=1338
		Shuffled Maps =44
		Failed Shuffles=0
		Merged Map outputs=44
		GC time elapsed (ms)=579
		CPU time spent (ms)=17310
		Physical memory (bytes) snapshot=6568026112
		Virtual memory (bytes) snapshot=55955877888
		Total committed heap usage (bytes)=5450498048
		Peak Map Physical memory (bytes)=293961728
		Peak Map Virtual memory (bytes)=2300887040
		Peak Reduce Physical memory (bytes)=225562624
		Peak Reduce Virtual memory (bytes)=2745171968
	F1LapTime
		invalid_laptime=301
	Shuffle Errors
		BAD_ID=0
		CONNECTION=0
		IO_ERROR=0
		WRONG_LENGTH=0
		WRONG_MAP=0
		WRONG_REDUCE=0
	File Input Format Counters 
		Bytes Read=615104
	File Output Format Counters 
		Bytes Written=25082
2026-10-05 20:05:06,921 INFO streaming.StreamJob: Output directory: /f1/output/lap_trend
Deleted /f1/output/lap_fastest
packageJobJar: [/tmp/hadoop-unjar13957742717863635456/] [] /tmp/streamjob15638823144015780064.jar tmpDir=null
2026-10-05 20:05:09,491 INFO client.DefaultNoHARMFailoverProxyProvider: Connecting to ResourceManager at master/172.18.0.2:8032
2026-10-05 20:05:09,599 INFO client.DefaultNoHARMFailoverProxyProvider: Connecting to ResourceManager at master/172.18.0.2:8032
2026-10-05 20:05:09,739 INFO mapreduce.JobResourceUploader: Disabling Erasure Coding for path: /tmp/hadoop-yarn/staging/root/.staging/job_1791217463129_0024
2026-10-05 20:05:10,168 INFO mapred.FileInputFormat: Total input files to process : 22
2026-10-05 20:05:10,214 INFO mapreduce.JobSubmitter: number of splits:22
2026-10-05 20:05:10,347 INFO mapreduce.JobSubmitter: Submitting tokens for job: job_1791217463129_0024
2026-10-05 20:05:10,347 INFO mapreduce.JobSubmitter: Executing with tokens: []
2026-10-05 20:05:10,452 INFO conf.Configuration: resource-types.xml not found
2026-10-05 20:05:10,452 INFO resource.ResourceUtils: Unable to find 'resource-types.xml'.
2026-10-05 20:05:10,483 INFO impl.YarnClientImpl: Submitted application application_1791217463129_0024
2026-10-05 20:05:10,502 INFO mapreduce.Job: The url to track the job: http://master:8088/proxy/application_1791217463129_0024/
2026-10-05 20:05:10,503 INFO mapreduce.Job: Running job: job_1791217463129_0024
2026-10-05 20:05:16,563 INFO mapreduce.Job: Job job_1791217463129_0024 running in uber mode : false
2026-10-05 20:05:16,564 INFO mapreduce.Job:  map 0% reduce 0%
2026-10-05 20:05:21,607 INFO mapreduce.Job:  map 14% reduce 0%
2026-10-05 20:05:25,639 INFO mapreduce.Job:  map 27% reduce 0%
2026-10-05 20:05:27,650 INFO mapreduce.Job:  map 32% reduce 0%
2026-10-05 20:05:28,655 INFO mapreduce.Job:  map 41% reduce 0%
2026-10-05 20:05:30,667 INFO mapreduce.Job:  map 45% reduce 0%
2026-10-05 20:05:31,671 INFO mapreduce.Job:  map 55% reduce 0%
2026-10-05 20:05:33,684 INFO mapreduce.Job:  map 59% reduce 0%
2026-10-05 20:05:34,688 INFO mapreduce.Job:  map 68% reduce 0%
2026-10-05 20:05:36,702 INFO mapreduce.Job:  map 73% reduce 0%
2026-10-05 20:05:37,706 INFO mapreduce.Job:  map 82% reduce 0%
2026-10-05 20:05:39,720 INFO mapreduce.Job:  map 86% reduce 0%
2026-10-05 20:05:40,724 INFO mapreduce.Job:  map 95% reduce 0%
2026-10-05 20:05:42,733 INFO mapreduce.Job:  map 100% reduce 0%
2026-10-05 20:05:44,741 INFO mapreduce.Job:  map 100% reduce 50%
2026-10-05 20:05:46,750 INFO mapreduce.Job:  map 100% reduce 100%
2026-10-05 20:05:46,756 INFO mapreduce.Job: Job job_1791217463129_0024 completed successfully
2026-10-05 20:05:46,805 INFO mapreduce.Job: Counters: 55
	File System Counters
		FILE: Number of bytes read=27740
		FILE: Number of bytes written=6795890
		FILE: Number of read operations=0
		FILE: Number of large read operations=0
		FILE: Number of write operations=0
		HDFS: Number of bytes read=617818
		HDFS: Number of bytes written=21481
		HDFS: Number of read operations=76
		HDFS: Number of large read operations=0
		HDFS: Number of write operations=4
		HDFS: Number of bytes read erasure-coded=0
	Job Counters 
		Launched map tasks=22
		Launched reduce tasks=2
		Data-local map tasks=22
		Total time spent by all maps in occupied slots (ms)=97760
		Total time spent by all reduces in occupied slots (ms)=12928
		Total time spent by all map tasks (ms)=48880
		Total time spent by all reduce tasks (ms)=3232
		Total vcore-milliseconds taken by all map tasks=48880
		Total vcore-milliseconds taken by all reduce tasks=3232
		Total megabyte-milliseconds taken by all map tasks=25026560
		Total megabyte-milliseconds taken by all reduce tasks=3309568
	Map-Reduce Framework
		Map input records=12931
		Map output records=12608
		Map output bytes=671337
		Map output materialized bytes=27992
		Input split bytes=2714
		Combine input records=12608
		Combine output records=440
		Reduce input groups=440
		Reduce shuffle bytes=27992
		Reduce input records=440
		Reduce output records=440
		Spilled Records=880
		Shuffled Maps =44
		Failed Shuffles=0
		Merged Map outputs=44
		GC time elapsed (ms)=489
		CPU time spent (ms)=16410
		Physical memory (bytes) snapshot=6561071104
		Virtual memory (bytes) snapshot=55970549760
		Total committed heap usage (bytes)=5450498048
		Peak Map Physical memory (bytes)=294862848
		Peak Map Virtual memory (bytes)=2305900544
		Peak Reduce Physical memory (bytes)=219754496
		Peak Reduce Virtual memory (bytes)=2741116928
	F1LapTime
		invalid_laptime=301
	Shuffle Errors
		BAD_ID=0
		CONNECTION=0
		IO_ERROR=0
		WRONG_LENGTH=0
		WRONG_MAP=0
		WRONG_REDUCE=0
	File Input Format Counters 
		Bytes Read=615104
	File Output Format Counters 
		Bytes Written=21481
2026-10-05 20:05:46,805 INFO streaming.StreamJob: Output directory: /f1/output/lap_fastest
