nohup: ignoring input
Deleted /f1/output/pit_summary
packageJobJar: [/tmp/hadoop-unjar4713504338955645443/] [] /tmp/streamjob7534890498434453660.jar tmpDir=null
2026-10-06 09:52:35,634 INFO client.DefaultNoHARMFailoverProxyProvider: Connecting to ResourceManager at master/172.18.0.2:8032
2026-10-06 09:52:35,741 INFO client.DefaultNoHARMFailoverProxyProvider: Connecting to ResourceManager at master/172.18.0.2:8032
2026-10-06 09:52:35,896 INFO mapreduce.JobResourceUploader: Disabling Erasure Coding for path: /tmp/hadoop-yarn/staging/root/.staging/job_1791271258722_0014
2026-10-06 09:52:36,278 INFO mapred.FileInputFormat: Total input files to process : 2
2026-10-06 09:52:36,330 INFO mapreduce.JobSubmitter: number of splits:2
2026-10-06 09:52:36,466 INFO mapreduce.JobSubmitter: Submitting tokens for job: job_1791271258722_0014
2026-10-06 09:52:36,466 INFO mapreduce.JobSubmitter: Executing with tokens: []
2026-10-06 09:52:36,574 INFO conf.Configuration: resource-types.xml not found
2026-10-06 09:52:36,575 INFO resource.ResourceUtils: Unable to find 'resource-types.xml'.
2026-10-06 09:52:36,612 INFO impl.YarnClientImpl: Submitted application application_1791271258722_0014
2026-10-06 09:52:36,638 INFO mapreduce.Job: The url to track the job: http://master:8088/proxy/application_1791271258722_0014/
2026-10-06 09:52:36,639 INFO mapreduce.Job: Running job: job_1791271258722_0014
2026-10-06 09:52:41,723 INFO mapreduce.Job: Job job_1791271258722_0014 running in uber mode : false
2026-10-06 09:52:41,724 INFO mapreduce.Job:  map 0% reduce 0%
2026-10-06 09:52:45,774 INFO mapreduce.Job:  map 50% reduce 0%
2026-10-06 09:52:46,778 INFO mapreduce.Job:  map 100% reduce 0%
2026-10-06 09:52:50,805 INFO mapreduce.Job:  map 100% reduce 100%
2026-10-06 09:52:50,815 INFO mapreduce.Job: Job job_1791271258722_0014 completed successfully
2026-10-06 09:52:50,879 INFO mapreduce.Job: Counters: 55
	File System Counters
		FILE: Number of bytes read=35516
		FILE: Number of bytes written=1190450
		FILE: Number of read operations=0
		FILE: Number of large read operations=0
		FILE: Number of write operations=0
		HDFS: Number of bytes read=66417
		HDFS: Number of bytes written=17776
		HDFS: Number of read operations=16
		HDFS: Number of large read operations=0
		HDFS: Number of write operations=4
		HDFS: Number of bytes read erasure-coded=0
	Job Counters 
		Launched map tasks=2
		Launched reduce tasks=2
		Data-local map tasks=2
		Total time spent by all maps in occupied slots (ms)=9352
		Total time spent by all reduces in occupied slots (ms)=17740
		Total time spent by all map tasks (ms)=4676
		Total time spent by all reduce tasks (ms)=4435
		Total vcore-milliseconds taken by all map tasks=4676
		Total vcore-milliseconds taken by all reduce tasks=4435
		Total megabyte-milliseconds taken by all map tasks=2394112
		Total megabyte-milliseconds taken by all reduce tasks=4541440
	Map-Reduce Framework
		Map input records=1107
		Map output records=1107
		Map output bytes=33290
		Map output materialized bytes=35528
		Input split bytes=200
		Combine input records=0
		Combine output records=0
		Reduce input groups=439
		Reduce shuffle bytes=35528
		Reduce input records=1107
		Reduce output records=427
		Spilled Records=2214
		Shuffled Maps =4
		Failed Shuffles=0
		Merged Map outputs=4
		GC time elapsed (ms)=90
		CPU time spent (ms)=2510
		Physical memory (bytes) snapshot=1001979904
		Virtual memory (bytes) snapshot=10087497728
		Total committed heap usage (bytes)=731906048
		Peak Map Physical memory (bytes)=275079168
		Peak Map Virtual memory (bytes)=2299629568
		Peak Reduce Physical memory (bytes)=231538688
		Peak Reduce Virtual memory (bytes)=2748379136
	F1Pit
		stuck_in_pit_ignored=23
	Shuffle Errors
		BAD_ID=0
		CONNECTION=0
		IO_ERROR=0
		WRONG_LENGTH=0
		WRONG_MAP=0
		WRONG_REDUCE=0
	File Input Format Counters 
		Bytes Read=66217
	File Output Format Counters 
		Bytes Written=17776
2026-10-06 09:52:50,880 INFO streaming.StreamJob: Output directory: /f1/output/pit_summary
