nohup: ignoring input
packageJobJar: [/tmp/hadoop-unjar11631904790106899190/] [] /tmp/streamjob12908747362699038961.jar tmpDir=null
2026-10-06 09:44:25,539 INFO client.DefaultNoHARMFailoverProxyProvider: Connecting to ResourceManager at master/172.18.0.2:8032
2026-10-06 09:44:25,658 INFO client.DefaultNoHARMFailoverProxyProvider: Connecting to ResourceManager at master/172.18.0.2:8032
2026-10-06 09:44:25,823 INFO mapreduce.JobResourceUploader: Disabling Erasure Coding for path: /tmp/hadoop-yarn/staging/root/.staging/job_1791271258722_0012
2026-10-06 09:44:26,216 INFO mapred.FileInputFormat: Total input files to process : 99
2026-10-06 09:44:26,282 INFO mapreduce.JobSubmitter: number of splits:99
2026-10-06 09:44:26,406 INFO mapreduce.JobSubmitter: Submitting tokens for job: job_1791271258722_0012
2026-10-06 09:44:26,407 INFO mapreduce.JobSubmitter: Executing with tokens: []
2026-10-06 09:44:26,517 INFO conf.Configuration: resource-types.xml not found
2026-10-06 09:44:26,518 INFO resource.ResourceUtils: Unable to find 'resource-types.xml'.
2026-10-06 09:44:26,553 INFO impl.YarnClientImpl: Submitted application application_1791271258722_0012
2026-10-06 09:44:26,577 INFO mapreduce.Job: The url to track the job: http://master:8088/proxy/application_1791271258722_0012/
2026-10-06 09:44:26,578 INFO mapreduce.Job: Running job: job_1791271258722_0012
2026-10-06 09:44:32,687 INFO mapreduce.Job: Job job_1791271258722_0012 running in uber mode : false
2026-10-06 09:44:32,689 INFO mapreduce.Job:  map 0% reduce 0%
2026-10-06 09:44:42,882 INFO mapreduce.Job:  map 1% reduce 0%
2026-10-06 09:44:43,982 INFO mapreduce.Job:  map 3% reduce 0%
2026-10-06 09:44:44,991 INFO mapreduce.Job:  map 6% reduce 0%
2026-10-06 09:44:46,012 INFO mapreduce.Job:  map 7% reduce 0%
2026-10-06 09:44:53,132 INFO mapreduce.Job:  map 9% reduce 0%
2026-10-06 09:44:54,142 INFO mapreduce.Job:  map 10% reduce 0%
2026-10-06 09:44:55,155 INFO mapreduce.Job:  map 14% reduce 0%
2026-10-06 09:45:00,262 INFO mapreduce.Job:  map 16% reduce 0%
2026-10-06 09:45:02,282 INFO mapreduce.Job:  map 18% reduce 0%
2026-10-06 09:45:03,294 INFO mapreduce.Job:  map 20% reduce 0%
2026-10-06 09:45:04,312 INFO mapreduce.Job:  map 21% reduce 0%
2026-10-06 09:45:07,345 INFO mapreduce.Job:  map 22% reduce 0%
2026-10-06 09:45:08,354 INFO mapreduce.Job:  map 23% reduce 0%
2026-10-06 09:45:09,372 INFO mapreduce.Job:  map 24% reduce 0%
2026-10-06 09:45:10,386 INFO mapreduce.Job:  map 27% reduce 0%
2026-10-06 09:45:11,418 INFO mapreduce.Job:  map 28% reduce 0%
2026-10-06 09:45:14,484 INFO mapreduce.Job:  map 29% reduce 0%
2026-10-06 09:45:15,501 INFO mapreduce.Job:  map 30% reduce 0%
2026-10-06 09:45:16,531 INFO mapreduce.Job:  map 31% reduce 0%
2026-10-06 09:45:17,549 INFO mapreduce.Job:  map 32% reduce 0%
2026-10-06 09:45:18,561 INFO mapreduce.Job:  map 34% reduce 0%
2026-10-06 09:45:19,571 INFO mapreduce.Job:  map 35% reduce 0%
2026-10-06 09:45:21,595 INFO mapreduce.Job:  map 37% reduce 0%
2026-10-06 09:45:23,617 INFO mapreduce.Job:  map 38% reduce 0%
2026-10-06 09:45:24,632 INFO mapreduce.Job:  map 39% reduce 0%
2026-10-06 09:45:25,663 INFO mapreduce.Job:  map 40% reduce 0%
2026-10-06 09:45:26,674 INFO mapreduce.Job:  map 42% reduce 0%
2026-10-06 09:45:28,699 INFO mapreduce.Job:  map 43% reduce 0%
2026-10-06 09:45:29,709 INFO mapreduce.Job:  map 44% reduce 0%
2026-10-06 09:45:30,718 INFO mapreduce.Job:  map 45% reduce 0%
2026-10-06 09:45:31,728 INFO mapreduce.Job:  map 46% reduce 0%
2026-10-06 09:45:32,757 INFO mapreduce.Job:  map 47% reduce 0%
2026-10-06 09:45:33,769 INFO mapreduce.Job:  map 48% reduce 0%
2026-10-06 09:45:34,778 INFO mapreduce.Job:  map 51% reduce 8%
2026-10-06 09:45:37,805 INFO mapreduce.Job:  map 53% reduce 8%
2026-10-06 09:45:38,822 INFO mapreduce.Job:  map 54% reduce 8%
2026-10-06 09:45:39,829 INFO mapreduce.Job:  map 55% reduce 8%
2026-10-06 09:45:40,837 INFO mapreduce.Job:  map 56% reduce 9%
2026-10-06 09:45:41,845 INFO mapreduce.Job:  map 57% reduce 9%
2026-10-06 09:45:42,860 INFO mapreduce.Job:  map 58% reduce 9%
2026-10-06 09:45:43,871 INFO mapreduce.Job:  map 59% reduce 9%
2026-10-06 09:45:45,887 INFO mapreduce.Job:  map 61% reduce 9%
2026-10-06 09:45:46,898 INFO mapreduce.Job:  map 61% reduce 10%
2026-10-06 09:45:47,907 INFO mapreduce.Job:  map 63% reduce 10%
2026-10-06 09:45:48,917 INFO mapreduce.Job:  map 64% reduce 10%
2026-10-06 09:45:50,936 INFO mapreduce.Job:  map 66% reduce 10%
2026-10-06 09:45:51,945 INFO mapreduce.Job:  map 68% reduce 10%
2026-10-06 09:45:52,956 INFO mapreduce.Job:  map 68% reduce 11%
2026-10-06 09:45:54,973 INFO mapreduce.Job:  map 69% reduce 11%
2026-10-06 09:45:55,982 INFO mapreduce.Job:  map 71% reduce 11%
2026-10-06 09:45:57,998 INFO mapreduce.Job:  map 73% reduce 11%
2026-10-06 09:45:59,015 INFO mapreduce.Job:  map 73% reduce 12%
2026-10-06 09:46:01,035 INFO mapreduce.Job:  map 74% reduce 12%
2026-10-06 09:46:02,043 INFO mapreduce.Job:  map 76% reduce 12%
2026-10-06 09:46:03,067 INFO mapreduce.Job:  map 78% reduce 12%
2026-10-06 09:46:05,091 INFO mapreduce.Job:  map 79% reduce 13%
2026-10-06 09:46:07,106 INFO mapreduce.Job:  map 80% reduce 13%
2026-10-06 09:46:08,120 INFO mapreduce.Job:  map 83% reduce 13%
2026-10-06 09:46:10,154 INFO mapreduce.Job:  map 84% reduce 13%
2026-10-06 09:46:11,161 INFO mapreduce.Job:  map 85% reduce 14%
2026-10-06 09:46:12,168 INFO mapreduce.Job:  map 86% reduce 14%
2026-10-06 09:46:13,174 INFO mapreduce.Job:  map 88% reduce 14%
2026-10-06 09:46:15,196 INFO mapreduce.Job:  map 89% reduce 14%
2026-10-06 09:46:16,205 INFO mapreduce.Job:  map 90% reduce 14%
2026-10-06 09:46:17,212 INFO mapreduce.Job:  map 92% reduce 15%
2026-10-06 09:46:18,233 INFO mapreduce.Job:  map 93% reduce 15%
2026-10-06 09:46:20,275 INFO mapreduce.Job:  map 94% reduce 15%
2026-10-06 09:46:21,283 INFO mapreduce.Job:  map 95% reduce 15%
2026-10-06 09:46:22,289 INFO mapreduce.Job:  map 98% reduce 15%
2026-10-06 09:46:23,295 INFO mapreduce.Job:  map 99% reduce 16%
2026-10-06 09:46:24,300 INFO mapreduce.Job:  map 100% reduce 16%
2026-10-06 09:46:26,309 INFO mapreduce.Job:  map 100% reduce 50%
2026-10-06 09:46:27,313 INFO mapreduce.Job:  map 100% reduce 100%
2026-10-06 09:46:27,320 INFO mapreduce.Job: Job job_1791271258722_0012 completed successfully
2026-10-06 09:46:27,391 INFO mapreduce.Job: Counters: 54
	File System Counters
		FILE: Number of bytes read=52003387
		FILE: Number of bytes written=132273943
		FILE: Number of read operations=0
		FILE: Number of large read operations=0
		FILE: Number of write operations=0
		HDFS: Number of bytes read=3383493348
		HDFS: Number of bytes written=66217
		HDFS: Number of read operations=307
		HDFS: Number of large read operations=0
		HDFS: Number of write operations=4
		HDFS: Number of bytes read erasure-coded=0
	Job Counters 
		Launched map tasks=99
		Launched reduce tasks=2
		Data-local map tasks=99
		Total time spent by all maps in occupied slots (ms)=1074514
		Total time spent by all reduces in occupied slots (ms)=279404
		Total time spent by all map tasks (ms)=537257
		Total time spent by all reduce tasks (ms)=69851
		Total vcore-milliseconds taken by all map tasks=537257
		Total vcore-milliseconds taken by all reduce tasks=69851
		Total megabyte-milliseconds taken by all map tasks=275075584
		Total megabyte-milliseconds taken by all reduce tasks=71527424
	Map-Reduce Framework
		Map input records=23640738
		Map output records=926986
		Map output bytes=50149403
		Map output materialized bytes=52004563
		Input split bytes=9900
		Combine input records=0
		Combine output records=0
		Reduce input groups=1107
		Reduce shuffle bytes=52004563
		Reduce input records=926986
		Reduce output records=1107
		Spilled Records=1853972
		Shuffled Maps =198
		Failed Shuffles=0
		Merged Map outputs=198
		GC time elapsed (ms)=4778
		CPU time spent (ms)=221610
		Physical memory (bytes) snapshot=28895248384
		Virtual memory (bytes) snapshot=232975601664
		Total committed heap usage (bytes)=23516413952
		Peak Map Physical memory (bytes)=321175552
		Peak Map Virtual memory (bytes)=2311979008
		Peak Reduce Physical memory (bytes)=264003584
		Peak Reduce Virtual memory (bytes)=2752520192
	Shuffle Errors
		BAD_ID=0
		CONNECTION=0
		IO_ERROR=0
		WRONG_LENGTH=0
		WRONG_MAP=0
		WRONG_REDUCE=0
	File Input Format Counters 
		Bytes Read=3383483448
	File Output Format Counters 
		Bytes Written=66217
2026-10-06 09:46:27,392 INFO streaming.StreamJob: Output directory: /f1/output/pit_laps
packageJobJar: [/tmp/hadoop-unjar10703181220922732582/] [] /tmp/streamjob7573223501711314638.jar tmpDir=null
2026-10-06 09:46:30,127 INFO client.DefaultNoHARMFailoverProxyProvider: Connecting to ResourceManager at master/172.18.0.2:8032
2026-10-06 09:46:30,234 INFO client.DefaultNoHARMFailoverProxyProvider: Connecting to ResourceManager at master/172.18.0.2:8032
2026-10-06 09:46:30,380 INFO mapreduce.JobResourceUploader: Disabling Erasure Coding for path: /tmp/hadoop-yarn/staging/root/.staging/job_1791271258722_0013
2026-10-06 09:46:30,801 INFO mapred.FileInputFormat: Total input files to process : 2
2026-10-06 09:46:30,863 INFO mapreduce.JobSubmitter: number of splits:2
2026-10-06 09:46:31,009 INFO mapreduce.JobSubmitter: Submitting tokens for job: job_1791271258722_0013
2026-10-06 09:46:31,009 INFO mapreduce.JobSubmitter: Executing with tokens: []
2026-10-06 09:46:31,118 INFO conf.Configuration: resource-types.xml not found
2026-10-06 09:46:31,119 INFO resource.ResourceUtils: Unable to find 'resource-types.xml'.
2026-10-06 09:46:31,163 INFO impl.YarnClientImpl: Submitted application application_1791271258722_0013
2026-10-06 09:46:31,189 INFO mapreduce.Job: The url to track the job: http://master:8088/proxy/application_1791271258722_0013/
2026-10-06 09:46:31,191 INFO mapreduce.Job: Running job: job_1791271258722_0013
2026-10-06 09:46:37,279 INFO mapreduce.Job: Job job_1791271258722_0013 running in uber mode : false
2026-10-06 09:46:37,280 INFO mapreduce.Job:  map 0% reduce 0%
2026-10-06 09:46:42,336 INFO mapreduce.Job:  map 100% reduce 0%
2026-10-06 09:46:47,365 INFO mapreduce.Job:  map 100% reduce 100%
2026-10-06 09:46:47,374 INFO mapreduce.Job: Job job_1791271258722_0013 completed successfully
2026-10-06 09:46:47,444 INFO mapreduce.Job: Counters: 55
	File System Counters
		FILE: Number of bytes read=36329
		FILE: Number of bytes written=1193484
		FILE: Number of read operations=0
		FILE: Number of large read operations=0
		FILE: Number of write operations=0
		HDFS: Number of bytes read=66417
		HDFS: Number of bytes written=21567
		HDFS: Number of read operations=16
		HDFS: Number of large read operations=0
		HDFS: Number of write operations=4
		HDFS: Number of bytes read erasure-coded=0
	Job Counters 
		Launched map tasks=2
		Launched reduce tasks=2
		Data-local map tasks=2
		Total time spent by all maps in occupied slots (ms)=8862
		Total time spent by all reduces in occupied slots (ms)=18372
		Total time spent by all map tasks (ms)=4431
		Total time spent by all reduce tasks (ms)=4593
		Total vcore-milliseconds taken by all map tasks=4431
		Total vcore-milliseconds taken by all reduce tasks=4593
		Total megabyte-milliseconds taken by all map tasks=2268672
		Total megabyte-milliseconds taken by all reduce tasks=4703232
	Map-Reduce Framework
		Map input records=1107
		Map output records=1068
		Map output bytes=39001
		Map output materialized bytes=36341
		Input split bytes=200
		Combine input records=1068
		Combine output records=812
		Reduce input groups=439
		Reduce shuffle bytes=36341
		Reduce input records=812
		Reduce output records=439
		Spilled Records=1624
		Shuffled Maps =4
		Failed Shuffles=0
		Merged Map outputs=4
		GC time elapsed (ms)=98
		CPU time spent (ms)=2830
		Physical memory (bytes) snapshot=1020555264
		Virtual memory (bytes) snapshot=10082926592
		Total committed heap usage (bytes)=731906048
		Peak Map Physical memory (bytes)=284913664
		Peak Map Virtual memory (bytes)=2299060224
		Peak Reduce Physical memory (bytes)=231710720
		Peak Reduce Virtual memory (bytes)=2743566336
	F1Pit
		short_visit_ignored=39
	Shuffle Errors
		BAD_ID=0
		CONNECTION=0
		IO_ERROR=0
		WRONG_LENGTH=0
		WRONG_MAP=0
		WRONG_REDUCE=0
	File Input Format Counters 
		Bytes Read=66217
	File Output Format Counters 
		Bytes Written=21567
2026-10-06 09:46:47,445 INFO streaming.StreamJob: Output directory: /f1/output/pit_summary
